
Allocating common symbols
Common symbol       size              file

netbufpool          0x4               binaries/net.o
readylist           0x2               binaries/ready.o
rfltab              0x5a0             binaries/rflinit.o
netportseed         0x8               binaries/net.o
sleepq              0x2               binaries/clkinit.o
nnames              0x4               binaries/naminit.o
udptab              0x168             binaries/udp.o
minheap             0x4               binaries/meminit.o
marks               0x50              binaries/mark.o
currpid             0x4               binaries/initialize.o
Lf_data             0x20c             binaries/lfsinit.o
porttab             0x2d0             binaries/ptinit.o
girmask             0x2               binaries/evec.o
ttytab              0x110             binaries/ttyinit.o
proctab             0x15e0            binaries/initialize.o
prcount             0x4               binaries/initialize.o
lfltab              0xf00             binaries/lflinit.o
rdstab              0x7c              binaries/rdsinit.o
ethertab            0x130             binaries/ethinit.o
NetData             0xb0              binaries/net.o
nmarks              0x4               binaries/mark.o
initsp              0x4               binaries/i386.o
Defer               0x8               binaries/resched.o
semtab              0x4b0             binaries/initialize.o
maxheap             0x4               binaries/meminit.o
preempt             0x4               binaries/clkinit.o
buftab              0xf0              binaries/bufinit.o
Rf_data             0x18              binaries/rfsinit.o
mkmutex             0x4               binaries/mark.o
clktime             0x4               binaries/clkinit.o
arpcache            0x140             binaries/arp.o
icmptab             0x230             binaries/icmp.o
nbpools             0x4               binaries/bufinit.o
queuetab            0x980             binaries/queue.o
ptnextid            0x4               binaries/ptinit.o
Ram                 0x19000           binaries/raminit.o
ipoqueue            0x2c              binaries/ip.o
memlist             0x8               binaries/initialize.o
nametab             0x5200            binaries/naminit.o
ptfree              0x4               binaries/ptinit.o

Memory Configuration

Name             Origin             Length             Attributes
*default*        0x0000000000000000 0xffffffffffffffff

Linker script and memory map

                0x0000000000100000                physbase = 0x100000
                0x0000000000100000                . = physbase
                0x0000000000100000                . = ALIGN (0x1000)

.text           0x0000000000100000    0x1c000
                0x0000000000100000                text = ABSOLUTE (.)
 *(.text .text.*)
 .text          0x0000000000100000      0x165 binaries/start.o
                0x0000000000100020                entry
                0x000000000010003d                start
                0x00000000001000a5                inb
                0x00000000001000ad                inw
                0x00000000001000b6                inl
                0x00000000001000be                outb
                0x00000000001000c8                outw
                0x00000000001000d3                outl
                0x00000000001000dd                _rtcin
                0x00000000001000e8                ___udivsi3
                0x00000000001000f3                ___divsi3
                0x00000000001000ff                sbzero
                0x000000000010010f                bcopy
                0x0000000000100123                insw
                0x0000000000100139                outsw
                0x000000000010014f                lidt
                0x0000000000100157                jumptocode
                0x000000000010015e                jumptobootcode
 .text          0x0000000000100165      0x405 binaries/ascdate.o
                0x0000000000100165                ascdate
 .text          0x000000000010056a       0x14 binaries/bufinit.o
                0x000000000010056a                bufinit
 .text          0x000000000010057e       0x8d binaries/chprio.o
                0x000000000010057e                chprio
 .text          0x000000000010060b       0x96 binaries/clkhandler.o
                0x000000000010060b                clkhandler
 .text          0x00000000001006a1       0x89 binaries/clkinit.o
                0x00000000001006a1                clkinit
 .text          0x000000000010072a       0x6a binaries/close.o
                0x000000000010072a                close
 .text          0x0000000000100794        0x0 binaries/conf.o
 .text          0x0000000000100794       0x7f binaries/control.o
                0x0000000000100794                control
 .text          0x0000000000100813      0x2b4 binaries/create.o
                0x0000000000100813                create
 .text          0x0000000000100ac7      0x367 binaries/evec.o
                0x0000000000100ac7                initevec
                0x0000000000100b1d                set_evec
                0x0000000000100bbf                trap
 .text          0x0000000000100e2e       0x15 binaries/exit.o
                0x0000000000100e2e                exit
 .text          0x0000000000100e43       0x82 binaries/freebuf.o
                0x0000000000100e43                freebuf
 .text          0x0000000000100ec5      0x167 binaries/freemem.o
                0x0000000000100ec5                freemem
 .text          0x000000000010102c       0x80 binaries/getbuf.o
                0x000000000010102c                getbuf
 .text          0x00000000001010ac       0x6a binaries/getc.o
                0x00000000001010ac                getc
 .text          0x0000000000101116       0x72 binaries/getdev.o
                0x0000000000101116                getdev
 .text          0x0000000000101188       0xc8 binaries/getitem.o
                0x0000000000101188                getfirst
                0x00000000001011c9                getlast
                0x000000000010120c                getitem
 .text          0x0000000000101250       0xfb binaries/getmem.o
                0x0000000000101250                getmem
 .text          0x000000000010134b        0xa binaries/getpid.o
                0x000000000010134b                getpid
 .text          0x0000000000101355       0x75 binaries/getprio.o
                0x0000000000101355                getprio
 .text          0x00000000001013ca       0xf2 binaries/getstk.o
                0x00000000001013ca                getstk
 .text          0x00000000001014bc       0x16 binaries/getticks.o
                0x00000000001014bc                getticks
 .text          0x00000000001014d2       0x36 binaries/gettime.o
                0x00000000001014d2                gettime
 .text          0x0000000000101508      0x1f9 binaries/getutime.o
                0x0000000000101508                getutime
 .text          0x0000000000101701      0x409 binaries/i386.o
                0x0000000000101701                setsegs
                0x0000000000101818                init8259
                0x00000000001018ed                pseg
                0x0000000000101ab0                setirmask
 .text          0x0000000000101b0a       0x6a binaries/init.o
                0x0000000000101b0a                init
 .text          0x0000000000101b74      0x3ed binaries/initialize.o
                0x0000000000101b74                nulluser
                0x0000000000101f0c                stop
                0x0000000000101f33                delay
 .text          0x0000000000101f61       0xdd binaries/insert.o
                0x0000000000101f61                insert
 .text          0x000000000010203e      0x10f binaries/insertd.o
                0x000000000010203e                insertd
 .text          0x000000000010214d        0xa binaries/ioerr.o
                0x000000000010214d                ioerr
 .text          0x0000000000102157        0xa binaries/ionull.o
                0x0000000000102157                ionull
 .text          0x0000000000102161      0x188 binaries/kill.o
                0x0000000000102161                kill
 .text          0x00000000001022e9      0x17b binaries/kprintf.o
                0x00000000001022e9                kputc
                0x0000000000102392                kgetc
                0x0000000000102437                kprintf
 .text          0x0000000000102464       0x52 binaries/main.o
                0x0000000000102464                main
 .text          0x00000000001024b6       0xac binaries/mark.o
                0x00000000001024b6                markinit
                0x00000000001024d9                mark
 .text          0x0000000000102562       0xca binaries/meminit.o
                0x0000000000102562                meminit
 .text          0x000000000010262c      0x15f binaries/mkbufpool.o
                0x000000000010262c                mkbufpool
 .text          0x000000000010278b       0x94 binaries/newqueue.o
                0x000000000010278b                newqueue
 .text          0x000000000010281f       0x78 binaries/open.o
                0x000000000010281f                open
 .text          0x0000000000102897       0x20 binaries/panic.o
                0x0000000000102897                panic
 .text          0x00000000001028b7      0x498 binaries/pci.o
                0x00000000001028b7                pci_init
                0x0000000000102b83                find_pci_device
                0x0000000000102bd1                pci_bios_read_config_byte
                0x0000000000102c10                pci_bios_read_config_word
                0x0000000000102c52                pci_bios_read_config_dword
                0x0000000000102c91                pci_bios_write_config_byte
                0x0000000000102cd2                pci_bios_write_config_word
                0x0000000000102d14                pci_bios_write_config_dword
 .text          0x0000000000102d4f       0xe6 binaries/ptclear.o
                0x0000000000102d4f                _ptclear
 .text          0x0000000000102e35       0x8f binaries/ptcount.o
                0x0000000000102e35                ptcount
 .text          0x0000000000102ec4      0x105 binaries/ptcreate.o
                0x0000000000102ec4                ptcreate
 .text          0x0000000000102fc9       0x80 binaries/ptdelete.o
                0x0000000000102fc9                ptdelete
 .text          0x0000000000103049       0xb7 binaries/ptinit.o
                0x0000000000103049                ptinit
 .text          0x0000000000103100      0x10a binaries/ptrecv.o
                0x0000000000103100                ptrecv
 .text          0x000000000010320a       0x78 binaries/ptreset.o
                0x000000000010320a                ptreset
 .text          0x0000000000103282      0x128 binaries/ptsend.o
                0x0000000000103282                ptsend
 .text          0x00000000001033aa       0x78 binaries/putc.o
                0x00000000001033aa                putc
 .text          0x0000000000103422      0x10c binaries/queue.o
                0x0000000000103422                enqueue
                0x00000000001034c5                dequeue
 .text          0x000000000010352e       0x78 binaries/read.o
                0x000000000010352e                read
 .text          0x00000000001035a6       0x81 binaries/ready.o
                0x00000000001035a6                ready
 .text          0x0000000000103627       0x5f binaries/receive.o
                0x0000000000103627                receive
 .text          0x0000000000103686       0x5b binaries/recvclr.o
                0x0000000000103686                recvclr
 .text          0x00000000001036e1       0xba binaries/recvtime.o
                0x00000000001036e1                recvtime
 .text          0x000000000010379b      0x169 binaries/resched.o
                0x000000000010379b                resched
                0x000000000010388f                resched_cntl
 .text          0x0000000000103904       0xa4 binaries/resume.o
                0x0000000000103904                resume
 .text          0x00000000001039a8       0x71 binaries/seek.o
                0x00000000001039a8                seek
 .text          0x0000000000103a19       0x69 binaries/semcount.o
                0x0000000000103a19                semcount
 .text          0x0000000000103a82       0xcf binaries/semcreate.o
                0x0000000000103a82                semcreate
 .text          0x0000000000103b51       0xba binaries/semdelete.o
                0x0000000000103b51                semdelete
 .text          0x0000000000103c0b       0xbc binaries/semreset.o
                0x0000000000103c0b                semreset
 .text          0x0000000000103cc7       0xda binaries/send.o
                0x0000000000103cc7                send
 .text          0x0000000000103da1       0x97 binaries/signal.o
                0x0000000000103da1                signal
 .text          0x0000000000103e38       0xc3 binaries/signaln.o
                0x0000000000103e38                signaln
 .text          0x0000000000103efb       0xe5 binaries/sleep.o
                0x0000000000103efb                sleep
                0x0000000000103f45                sleepms
 .text          0x0000000000103fe0      0x1b1 binaries/stacktrace.o
                0x0000000000103fe0                stacktrace
 .text          0x0000000000104191       0xda binaries/suspend.o
                0x0000000000104191                suspend
 .text          0x000000000010426b       0xdc binaries/unsleep.o
                0x000000000010426b                unsleep
 .text          0x0000000000104347       0x15 binaries/userret.o
                0x0000000000104347                userret
 .text          0x000000000010435c       0xd3 binaries/wait.o
                0x000000000010435c                wait
 .text          0x000000000010442f       0x68 binaries/wakeup.o
                0x000000000010442f                wakeup
 .text          0x0000000000104497       0x78 binaries/write.o
                0x0000000000104497                write
 .text          0x000000000010450f       0x19 binaries/xdone.o
                0x000000000010450f                xdone
 .text          0x0000000000104528       0x25 binaries/yield.o
                0x0000000000104528                yield
 .text          0x000000000010454d       0x11 binaries/abs.o
                0x000000000010454d                abs
 .text          0x000000000010455e       0x8f binaries/atoi.o
                0x000000000010455e                atoi
 .text          0x00000000001045ed       0x8f binaries/atol.o
                0x00000000001045ed                atol
 .text          0x000000000010467c       0x31 binaries/bzero.o
                0x000000000010467c                bzero
 .text          0x00000000001046ad        0x0 binaries/ctype_.o
 .text          0x00000000001046ad      0x8f8 binaries/doprnt.o
                0x00000000001046ad                _doprnt
 .text          0x0000000000104fa5      0x6a2 binaries/doscan.o
                0x0000000000104fa5                _doscan
 .text          0x0000000000105647      0x723 binaries/fdoprnt.o
                0x0000000000105647                _fdoprnt
 .text          0x0000000000105d6a       0x26 binaries/fgetc.o
                0x0000000000105d6a                fgetc
 .text          0x0000000000105d90       0x72 binaries/fgets.o
                0x0000000000105d90                fgets
 .text          0x0000000000105e02       0x34 binaries/fprintf.o
                0x0000000000105e02                fprintf
 .text          0x0000000000105e36       0x2c binaries/fputc.o
                0x0000000000105e36                fputc
 .text          0x0000000000105e62       0x43 binaries/fputs.o
                0x0000000000105e62                fputs
 .text          0x0000000000105ea5       0x92 binaries/fscanf.o
                0x0000000000105ea5                fscanf
 .text          0x0000000000105f37       0x2c binaries/getchar.o
                0x0000000000105f37                getchar
 .text          0x0000000000105f63       0x11 binaries/labs.o
                0x0000000000105f63                labs
 .text          0x0000000000105f74       0x51 binaries/memcmp.o
                0x0000000000105f74                memcmp
 .text          0x0000000000105fc5       0x3f binaries/memcpy.o
                0x0000000000105fc5                memcpy
 .text          0x0000000000106004       0x30 binaries/memset.o
                0x0000000000106004                memset
 .text          0x0000000000106034       0x4f binaries/printf.o
                0x0000000000106034                printf
 .text          0x0000000000106083       0x33 binaries/putchar.o
                0x0000000000106083                putchar
 .text          0x00000000001060b6      0x28c binaries/qsort.o
                0x00000000001060b6                qsort
 .text          0x0000000000106342       0x5f binaries/rand.o
                0x0000000000106342                rand
                0x0000000000106356                rand_r
                0x0000000000106394                srand
 .text          0x00000000001063a1       0x6f binaries/sprintf.o
                0x00000000001063a1                sprintf
 .text          0x0000000000106410       0x7f binaries/sscanf.o
                0x0000000000106410                sscanf
 .text          0x000000000010648f       0x3c binaries/strchr.o
                0x000000000010648f                strchr
 .text          0x00000000001064cb       0x45 binaries/strcmp.o
                0x00000000001064cb                strcmp
 .text          0x0000000000106510       0x27 binaries/strcpy.o
                0x0000000000106510                strcpy
 .text          0x0000000000106537       0x26 binaries/strlen.o
                0x0000000000106537                strlen
 .text          0x000000000010655d       0x56 binaries/strncat.o
                0x000000000010655d                strncat
 .text          0x00000000001065b3       0x5e binaries/strncmp.o
                0x00000000001065b3                strncmp
 .text          0x0000000000106611       0x4f binaries/strncpy.o
                0x0000000000106611                strncpy
 .text          0x0000000000106660       0x2e binaries/strnlen.o
                0x0000000000106660                strnlen
 .text          0x000000000010668e       0x45 binaries/strrchr.o
                0x000000000010668e                strrchr
 .text          0x00000000001066d3       0x6d binaries/strstr.o
                0x00000000001066d3                strstr
 .text          0x0000000000106740       0xd8 binaries/ttycontrol.o
                0x0000000000106740                ttycontrol
 .text          0x0000000000106818       0x93 binaries/ttygetc.o
                0x0000000000106818                ttygetc
 .text          0x00000000001068ab      0x756 binaries/ttyhandle_in.o
                0x00000000001068ab                ttyhandle_in
 .text          0x0000000000107001      0x19f binaries/ttyhandle_out.o
                0x0000000000107001                ttyhandle_out
 .text          0x00000000001071a0       0xc6 binaries/ttyhandler.o
                0x00000000001071a0                ttyhandler
 .text          0x0000000000107266      0x22b binaries/ttyinit.o
                0x0000000000107266                ttyinit
 .text          0x0000000000107491       0x1d binaries/ttykickout.o
                0x0000000000107491                ttykickout
 .text          0x00000000001074ae       0xb2 binaries/ttyputc.o
                0x00000000001074ae                ttyputc
 .text          0x0000000000107560      0x10f binaries/ttyread.o
                0x0000000000107560                ttyread
 .text          0x000000000010766f       0x4f binaries/ttywrite.o
                0x000000000010766f                ttywrite
 .text          0x00000000001076be      0x16a binaries/mount.o
                0x00000000001076be                mount
                0x00000000001077f2                namlen
 .text          0x0000000000107828      0x229 binaries/naminit.o
                0x0000000000107828                naminit
 .text          0x0000000000107a51      0x216 binaries/nammap.o
                0x0000000000107a51                nammap
                0x0000000000107ae2                namrepl
                0x0000000000107c17                namcpy
 .text          0x0000000000107c67       0x55 binaries/namopen.o
                0x0000000000107c67                namopen
 .text          0x0000000000107cbc      0xfa3 binaries/82545EMInit.o
                0x0000000000107d13                _82545EMInit
                0x0000000000108ab9                _82545EM_read_phy_reg
                0x0000000000108b88                _82545EM_write_phy_reg
 .text          0x0000000000108c5f      0x24c binaries/ethcontrol.o
                0x0000000000108cb6                ethcontrol
                0x0000000000108e33                ethIrqDisable
                0x0000000000108e6f                ethIrqEnable
 .text          0x0000000000108eab      0x241 binaries/ethhandler.o
                0x000000000010901c                ethhandler
 .text          0x00000000001090ec      0x122 binaries/ethinit.o
                0x00000000001090ec                ethinit
 .text          0x000000000010920e      0x1f0 binaries/ethread.o
                0x0000000000109265                ethread
 .text          0x00000000001093fe      0x19a binaries/ethwrite.o
                0x0000000000109455                ethwrite
 .text          0x0000000000109598      0x2c1 binaries/rdscomm.o
                0x0000000000109598                rdscomm
 .text          0x0000000000109859      0x21b binaries/rdscontrol.o
                0x0000000000109859                rdscontrol
 .text          0x0000000000109a74       0x4e binaries/rdsinit.o
                0x0000000000109a74                rdsinit
 .text          0x0000000000109ac2      0x385 binaries/rdsopen.o
                0x0000000000109ac2                rdsopen
 .text          0x0000000000109e47      0x40d binaries/rdsprocess.o
                0x0000000000109e47                rdsprocess
 .text          0x000000000010a254      0x5b2 binaries/rdsqfcns.o
                0x000000000010a254                rdqunlink
                0x000000000010a2f6                rdqinsert
                0x000000000010a34b                rdcunlink
                0x000000000010a3f5                rdcinsert
                0x000000000010a4d6                rdqdump
                0x000000000010a692                rdcdump
 .text          0x000000000010a806      0x1d7 binaries/rdsread.o
                0x000000000010a806                rdsread
 .text          0x000000000010a9dd       0x5a binaries/rdssetprio.o
                0x000000000010a9dd                rdssetprio
 .text          0x000000000010aa37      0x117 binaries/rdswrite.o
                0x000000000010aa37                rdswrite
 .text          0x000000000010ab4e        0xa binaries/ramclose.o
                0x000000000010ab4e                ramclose
 .text          0x000000000010ab58       0x45 binaries/raminit.o
                0x000000000010ab58                raminit
 .text          0x000000000010ab9d        0xa binaries/ramopen.o
                0x000000000010ab9d                ramopen
 .text          0x000000000010aba7       0x35 binaries/ramread.o
                0x000000000010aba7                ramread
 .text          0x000000000010abdc       0x36 binaries/ramwrite.o
                0x000000000010abdc                ramwrite
 .text          0x000000000010ac12       0x9e binaries/lfdballoc.o
                0x000000000010ac12                lfdballoc
 .text          0x000000000010acb0       0x62 binaries/lfdbfree.o
                0x000000000010acb0                lfdbfree
 .text          0x000000000010ad12       0xbf binaries/lfflush.o
                0x000000000010ad12                lfflush
 .text          0x000000000010add1       0xd8 binaries/lfgetmode.o
                0x000000000010add1                lfgetmode
 .text          0x000000000010aea9       0x6c binaries/lfiballoc.o
                0x000000000010aea9                lfiballoc
 .text          0x000000000010af15       0x3b binaries/lfibclear.o
                0x000000000010af15                lfibclear
 .text          0x000000000010af50       0xae binaries/lfibget.o
                0x000000000010af50                lfibget
 .text          0x000000000010affe       0xe0 binaries/lfibput.o
                0x000000000010affe                lfibput
 .text          0x000000000010b0de       0x93 binaries/lflclose.o
                0x000000000010b0de                lflclose
 .text          0x000000000010b171       0xb5 binaries/lflcontrol.o
                0x000000000010b171                lflcontrol
 .text          0x000000000010b226       0xdf binaries/lflgetc.o
                0x000000000010b226                lflgetc
 .text          0x000000000010b305       0xfb binaries/lflinit.o
                0x000000000010b305                lflinit
 .text          0x000000000010b400      0x10f binaries/lflputc.o
                0x000000000010b400                lflputc
 .text          0x000000000010b50f       0x6d binaries/lflread.o
                0x000000000010b50f                lflread
 .text          0x000000000010b57c       0x9c binaries/lflseek.o
                0x000000000010b57c                lflseek
 .text          0x000000000010b618       0x55 binaries/lflwrite.o
                0x000000000010b618                lflwrite
 .text          0x000000000010b66d       0x62 binaries/lfscheck.o
                0x000000000010b66d                lfscheck
 .text          0x000000000010b6cf      0x176 binaries/lfsckfmt.o
                0x000000000010b6cf                lfsckfmt
 .text          0x000000000010b845      0x221 binaries/lfscreate.o
                0x000000000010b845                lfscreate
 .text          0x000000000010ba66      0x282 binaries/lfsetup.o
                0x000000000010ba66                lfsetup
 .text          0x000000000010bce8       0x55 binaries/lfsinit.o
                0x000000000010bce8                lfsinit
 .text          0x000000000010bd3d      0x3cb binaries/lfsopen.o
                0x000000000010bd3d                lfsopen
 .text          0x000000000010c108      0x161 binaries/lftruncate.o
                0x000000000010c108                lftruncate
 .text          0x000000000010c269      0x1a5 binaries/rflclose.o
                0x000000000010c269                rflclose
 .text          0x000000000010c40e       0x5d binaries/rflgetc.o
                0x000000000010c40e                rflgetc
 .text          0x000000000010c46b       0x76 binaries/rflinit.o
                0x000000000010c46b                rflinit
 .text          0x000000000010c4e1       0x39 binaries/rflputc.o
                0x000000000010c4e1                rflputc
 .text          0x000000000010c51a      0x386 binaries/rflread.o
                0x000000000010c51a                rflread
 .text          0x000000000010c8a0       0x68 binaries/rflseek.o
                0x000000000010c8a0                rflseek
 .text          0x000000000010c908      0x336 binaries/rflwrite.o
                0x000000000010c908                rflwrite
 .text          0x000000000010cc3e      0x22f binaries/rfscomm.o
                0x000000000010cc3e                rfscomm
 .text          0x000000000010ce6d      0x258 binaries/rfscontrol.o
                0x000000000010ce6d                rfscontrol
 .text          0x000000000010d0c5       0xd8 binaries/rfsgetmode.o
                0x000000000010d0c5                rfsgetmode
 .text          0x000000000010d19d       0x61 binaries/rfsinit.o
                0x000000000010d19d                rfsinit
 .text          0x000000000010d1fe      0x128 binaries/rfsndmsg.o
                0x000000000010d1fe                rfsndmsg
 .text          0x000000000010d326      0x28d binaries/rfsopen.o
                0x000000000010d326                rfsopen
 .text          0x000000000010d5b3      0x855 binaries/arp.o
                0x000000000010d5b3                arp_init
                0x000000000010d5e5                arp_resolve
                0x000000000010d8b2                arp_in
                0x000000000010db64                arp_alloc
                0x000000000010dc30                arp_ntoh
                0x000000000010dd1c                arp_hton
 .text          0x000000000010de08      0x947 binaries/dhcp.o
                0x000000000010de08                dhcp_get_opt_val
                0x000000000010de61                dhcp_bld_bootp_msg
                0x000000000010df8b                dhcp_bld_disc
                0x000000000010e071                dhcp_bld_req
                0x000000000010e1ee                getlocalip
 .text          0x000000000010e74f      0x6e3 binaries/dns.o
                0x000000000010e74f                dnslookup
 .text          0x000000000010ee32       0xe0 binaries/dot2ip.o
                0x000000000010ee32                dot2ip
 .text          0x000000000010ef12      0x468 binaries/hexdump.o
                0x000000000010ef12                hexdump
                0x000000000010f095                hexadump
 .text          0x000000000010f37a      0x8c4 binaries/icmp.o
                0x000000000010f37a                icmp_init
                0x000000000010f3b0                icmp_in
                0x000000000010f5b8                icmp_register
                0x000000000010f6aa                icmp_recv
                0x000000000010f823                icmp_send
                0x000000000010f8b8                icmp_mkpkt
                0x000000000010f9d3                icmp_release
                0x000000000010fac3                icmp_cksum
                0x000000000010fb56                icmp_hton
                0x000000000010fbca                icmp_ntoh
 .text          0x000000000010fc3e      0x81d binaries/ip.o
                0x000000000010fc3e                ip_in
                0x000000000010fd8a                ip_send
                0x000000000010fecc                ip_local
                0x000000000010ff0f                ip_out
                0x000000000011003c                ipcksum
                0x00000000001100c2                ip_ntoh
                0x00000000001101ae                ip_hton
                0x000000000011029a                ipout
                0x00000000001103bc                ip_enqueue
 .text          0x000000000011045b      0x2ed binaries/net.o
                0x000000000011045b                net_init
                0x00000000001105b3                netin
                0x000000000011065f                eth_hton
                0x0000000000110689                eth_ntoh
                0x00000000001106b3                getport
 .text          0x0000000000110748     0x1539 binaries/pdump.o
                0x0000000000110748                pdump
                0x0000000000111564                pdumph
 .text          0x0000000000111c81      0x64a binaries/tftp.o
                0x0000000000111c81                tftp_send1
                0x0000000000111e11                tftpget
                0x0000000000111e53                tftpget_mb
 .text          0x00000000001122cb      0xb08 binaries/udp.o
                0x00000000001122cb                udp_init
                0x00000000001122ff                udp_in
                0x000000000011243a                udp_register
                0x000000000011256e                udp_recv
                0x00000000001126f4                udp_recvaddr
                0x0000000000112892                udp_send
                0x0000000000112a61                udp_sendto
                0x0000000000112bfc                udp_release
                0x0000000000112ce9                udp_ntoh
                0x0000000000112d5e                udp_hton
 .text          0x0000000000112dd3      0x137 binaries/addargs.o
                0x0000000000112dd3                addargs
 .text          0x0000000000112f0a      0x2c9 binaries/lexan.o
                0x0000000000112f0a                lexan
 .text          0x00000000001131d3      0x6ed binaries/shell.o
                0x00000000001131d3                shell
 .text          0x00000000001138c0       0x68 binaries/xsh_argecho.o
                0x00000000001138c0                xsh_argecho
 .text          0x0000000000113928      0x23a binaries/xsh_arp.o
                0x0000000000113928                xsh_arp
 .text          0x0000000000113b62      0x251 binaries/xsh_cat.o
                0x0000000000113b62                xsh_cat
 .text          0x0000000000113db3       0x5b binaries/xsh_clear.o
                0x0000000000113db3                xsh_clear
 .text          0x0000000000113e0e      0x2ea binaries/xsh_date.o
                0x0000000000113e0e                xsh_date
 .text          0x00000000001140f8       0xad binaries/xsh_devdump.o
                0x00000000001140f8                xsh_devdump
 .text          0x00000000001141a5       0x6c binaries/xsh_echo.o
                0x00000000001141a5                xsh_echo
 .text          0x0000000000114211        0xa binaries/xsh_exit.o
                0x0000000000114211                xsh_exit
 .text          0x000000000011421b      0x36c binaries/xsh_help.o
                0x000000000011421b                xsh_help
 .text          0x0000000000114587      0x23c binaries/xsh_kill.o
                0x0000000000114587                xsh_kill
 .text          0x00000000001147c3      0x545 binaries/xsh_ls.o
                0x00000000001147c3                xsh_ls
 .text          0x0000000000114d08      0x516 binaries/xsh_memdump.o
                0x0000000000114d08                xsh_memdump
 .text          0x000000000011521e      0x29b binaries/xsh_memstat.o
                0x000000000011521e                xsh_memstat
 .text          0x00000000001154b9      0x5b6 binaries/xsh_netinfo.o
                0x00000000001154b9                xsh_netinfo
 .text          0x0000000000115a6f      0x5f8 binaries/xsh_ns.o
                0x0000000000115a6f                xsh_ns
 .text          0x0000000000116067      0x3d7 binaries/xsh_ping.o
                0x0000000000116067                xsh_ping
 .text          0x000000000011643e      0x260 binaries/xsh_ps.o
                0x000000000011643e                xsh_ps
 .text          0x000000000011669e      0x219 binaries/xsh_sleep.o
                0x000000000011669e                xsh_sleep
 .text          0x00000000001168b7      0x2b6 binaries/xsh_udpdump.o
                0x00000000001168b7                xsh_udpdump
 .text          0x0000000000116b6d      0x590 binaries/xsh_udpecho.o
                0x0000000000116b6d                xsh_udpecho
 .text          0x00000000001170fd      0x2d5 binaries/xsh_udpserver.o
                0x00000000001170fd                xsh_udpeserver
 .text          0x00000000001173d2      0x1e1 binaries/xsh_uptime.o
                0x00000000001173d2                xsh_uptime
 .text          0x00000000001175b3        0xe binaries/clkdisp.o
                0x00000000001175b3                clkdisp
 .text          0x00000000001175c1       0x19 binaries/ctxsw.o
                0x00000000001175c1                ctxsw
 .text          0x00000000001175da      0x370 binaries/intr.o
                0x00000000001175da                disable
                0x00000000001175e3                restore
                0x00000000001175f1                enable
                0x00000000001175f3                pause
                0x00000000001175fa                halt
                0x0000000000117600                spurious_irq7
                0x0000000000117605                spurious_irq15
                0x0000000000117614                _Xint0
                0x000000000011761f                _Xint1
                0x000000000011762a                _Xint2
                0x0000000000117635                _Xint3
                0x0000000000117640                _Xint4
                0x000000000011764b                _Xint5
                0x0000000000117656                _Xint6
                0x0000000000117661                _Xint7
                0x000000000011766c                _Xint8
                0x0000000000117677                _Xint9
                0x0000000000117682                _Xint10
                0x000000000011768d                _Xint11
                0x000000000011769b                _Xint12
                0x00000000001176a9                _Xint13
                0x00000000001176b7                _Xint14
                0x00000000001176c5                _Xint15
                0x00000000001176d3                _Xint16
                0x00000000001176e1                _Xint17
                0x00000000001176ef                _Xint18
                0x00000000001176fd                _Xint19
                0x000000000011770b                _Xint20
                0x0000000000117719                _Xint21
                0x0000000000117727                _Xint22
                0x0000000000117735                _Xint23
                0x0000000000117743                _Xint24
                0x0000000000117751                _Xint25
                0x000000000011775f                _Xint26
                0x000000000011776d                _Xint27
                0x000000000011777b                _Xint28
                0x0000000000117789                _Xint29
                0x0000000000117797                _Xint30
                0x00000000001177a5                _Xint31
                0x00000000001177b3                _Xint32
                0x00000000001177c1                _Xint33
                0x00000000001177cf                _Xint34
                0x00000000001177dd                _Xint35
                0x00000000001177eb                _Xint36
                0x00000000001177f9                _Xint37
                0x0000000000117807                _Xint38
                0x0000000000117815                _Xint39
                0x0000000000117823                _Xint40
                0x0000000000117836                _Xint41
                0x0000000000117844                _Xint42
                0x0000000000117852                _Xint43
                0x0000000000117860                _Xint44
                0x000000000011786e                _Xint45
                0x000000000011787c                _Xint46
                0x000000000011788a                defevec
 .text          0x000000000011794a        0xf binaries/ttydispatch.o
                0x000000000011794a                ttydispatch
 .text          0x0000000000117959       0x13 binaries/ethdispatch.o
                0x0000000000117959                ethdispatch
 *(.rodata .rodata.*)
 .rodata        0x000000000011796c       0x8e binaries/ascdate.o
 .rodata        0x00000000001179fa       0xae binaries/conf.o
 .rodata        0x0000000000117aa8      0x22f binaries/evec.o
 *fill*         0x0000000000117cd7        0x1 
 .rodata        0x0000000000117cd8       0x61 binaries/getutime.o
 *fill*         0x0000000000117d39        0x3 
 .rodata        0x0000000000117d3c       0x90 binaries/i386.o
 .rodata        0x0000000000117dcc      0x180 binaries/initialize.o
 .rodata        0x0000000000117f4c       0x20 binaries/kill.o
 .rodata        0x0000000000117f6c       0x3b binaries/main.o
 .rodata        0x0000000000117fa7        0xf binaries/panic.o
 *fill*         0x0000000000117fb6        0x2 
 .rodata        0x0000000000117fb8      0x1ec binaries/pci.o
 .rodata        0x00000000001181a4       0x1d binaries/ptinit.o
 *fill*         0x00000000001181c1        0x3 
 .rodata        0x00000000001181c4       0x25 binaries/ptsend.o
 *fill*         0x00000000001181e9        0x3 
 .rodata        0x00000000001181ec       0xb7 binaries/stacktrace.o
 *fill*         0x00000000001182a3        0x1 
 .rodata        0x00000000001182a4       0x27 binaries/xdone.o
 *fill*         0x00000000001182cb       0x15 
 .rodata        0x00000000001182e0       0x81 binaries/ctype_.o
                0x00000000001182e0                _ctype_
 *fill*         0x0000000000118361        0x3 
 .rodata        0x0000000000118364       0xee binaries/doprnt.o
 *fill*         0x0000000000118452        0x2 
 .rodata        0x0000000000118454       0x98 binaries/doscan.o
 .rodata        0x00000000001184ec       0xae binaries/fdoprnt.o
 *fill*         0x000000000011859a        0x2 
 .rodata        0x000000000011859c       0x20 binaries/ttycontrol.o
 .rodata        0x00000000001185bc       0x34 binaries/ttyhandler.o
 .rodata        0x00000000001185f0       0x14 binaries/mount.o
 .rodata        0x0000000000118604       0x82 binaries/naminit.o
 *fill*         0x0000000000118686        0x2 
 .rodata        0x0000000000118688       0x2e binaries/82545EMInit.o
 *fill*         0x00000000001186b6        0x2 
 .rodata        0x00000000001186b8       0x78 binaries/ethinit.o
 .rodata        0x0000000000118730       0x18 binaries/ethread.o
 .rodata        0x0000000000118748       0x76 binaries/rdscomm.o
 *fill*         0x00000000001187be        0x2 
 .rodata        0x00000000001187c0       0x21 binaries/rdscontrol.o
 *fill*         0x00000000001187e1        0x3 
 .rodata        0x00000000001187e4       0xae binaries/rdsopen.o
 *fill*         0x0000000000118892        0x2 
 .rodata        0x0000000000118894       0x3e binaries/rdsprocess.o
 *fill*         0x00000000001188d2        0x2 
 .rodata        0x00000000001188d4       0xe2 binaries/rdsqfcns.o
 .rodata        0x00000000001189b6        0x9 binaries/raminit.o
 *fill*         0x00000000001189bf        0x1 
 .rodata        0x00000000001189c0       0x36 binaries/lfdballoc.o
 .rodata        0x00000000001189f6       0x14 binaries/lfiballoc.o
 *fill*         0x0000000000118a0a        0x2 
 .rodata        0x0000000000118a0c       0x22 binaries/lflcontrol.o
 *fill*         0x0000000000118a2e        0x2 
 .rodata        0x0000000000118a30      0x118 binaries/lfsckfmt.o
 .rodata        0x0000000000118b48       0x66 binaries/lfsopen.o
 *fill*         0x0000000000118bae        0x2 
 .rodata        0x0000000000118bb0       0x21 binaries/rflclose.o
 *fill*         0x0000000000118bd1        0x3 
 .rodata        0x0000000000118bd4       0x21 binaries/rflread.o
 *fill*         0x0000000000118bf5        0x3 
 .rodata        0x0000000000118bf8       0x21 binaries/rflwrite.o
 *fill*         0x0000000000118c19        0x3 
 .rodata        0x0000000000118c1c       0xa1 binaries/rfscomm.o
 *fill*         0x0000000000118cbd        0x3 
 .rodata        0x0000000000118cc0       0x3c binaries/rfscontrol.o
 .rodata        0x0000000000118cfc       0x2b binaries/rfsinit.o
 *fill*         0x0000000000118d27        0x1 
 .rodata        0x0000000000118d28       0x2a binaries/rfsndmsg.o
 *fill*         0x0000000000118d52        0x2 
 .rodata        0x0000000000118d54       0x21 binaries/rfsopen.o
 *fill*         0x0000000000118d75        0x3 
 .rodata        0x0000000000118d78       0x3a binaries/arp.o
 *fill*         0x0000000000118db2        0x2 
 .rodata        0x0000000000118db4       0xcf binaries/dhcp.o
 .rodata        0x0000000000118e83       0x24 binaries/dns.o
 *fill*         0x0000000000118ea7        0x1 
 .rodata        0x0000000000118ea8       0xc9 binaries/hexdump.o
 *fill*         0x0000000000118f71        0x3 
 .rodata        0x0000000000118f74       0x29 binaries/icmp.o
 *fill*         0x0000000000118f9d        0x3 
 .rodata        0x0000000000118fa0       0x52 binaries/ip.o
 *fill*         0x0000000000118ff2        0x2 
 .rodata        0x0000000000118ff4       0x4f binaries/net.o
 *fill*         0x0000000000119043        0x1 
 .rodata        0x0000000000119044      0x26f binaries/pdump.o
 *fill*         0x00000000001192b3        0x1 
 .rodata        0x00000000001192b4      0x154 binaries/tftp.o
 *fill*         0x0000000000119408       0x18 
 .rodata        0x0000000000119420      0x3f9 binaries/shell.o
                0x00000000001194c0                cmdtab
 .rodata        0x0000000000119819       0x28 binaries/xsh_argecho.o
 *fill*         0x0000000000119841        0x3 
 .rodata        0x0000000000119844      0x123 binaries/xsh_arp.o
 *fill*         0x0000000000119967        0x1 
 .rodata        0x0000000000119968       0xc9 binaries/xsh_cat.o
 .rodata        0x0000000000119a31       0x19 binaries/xsh_clear.o
 *fill*         0x0000000000119a4a        0x2 
 .rodata        0x0000000000119a4c      0x1c3 binaries/xsh_date.o
 .rodata        0x0000000000119c0f       0x5d binaries/xsh_devdump.o
 .rodata        0x0000000000119c6c        0x9 binaries/xsh_echo.o
 *fill*         0x0000000000119c75        0x3 
 .rodata        0x0000000000119c78      0x169 binaries/xsh_help.o
 *fill*         0x0000000000119de1        0x3 
 .rodata        0x0000000000119de4      0x12e binaries/xsh_kill.o
 *fill*         0x0000000000119f12        0x2 
 .rodata        0x0000000000119f14      0x190 binaries/xsh_ls.o
 .rodata        0x000000000011a0a4      0x266 binaries/xsh_memdump.o
 *fill*         0x000000000011a30a        0x2 
 .rodata        0x000000000011a30c      0x225 binaries/xsh_memstat.o
 *fill*         0x000000000011a531        0x3 
 .rodata        0x000000000011a534      0x1b0 binaries/xsh_netinfo.o
 *fill*         0x000000000011a6e4       0x1c 
 .rodata        0x000000000011a700      0x340 binaries/xsh_ns.o
 .rodata        0x000000000011aa40      0x19d binaries/xsh_ping.o
 *fill*         0x000000000011abdd        0x3 
 .rodata        0x000000000011abe0      0x1e0 binaries/xsh_ps.o
 .rodata        0x000000000011adc0       0xeb binaries/xsh_sleep.o
 *fill*         0x000000000011aeab        0x1 
 .rodata        0x000000000011aeac      0x1b8 binaries/xsh_udpdump.o
 .rodata        0x000000000011b064      0x27d binaries/xsh_udpecho.o
 *fill*         0x000000000011b2e1        0x3 
 .rodata        0x000000000011b2e4      0x12b binaries/xsh_udpserver.o
 *fill*         0x000000000011b40f        0x1 
 .rodata        0x000000000011b410      0x105 binaries/xsh_uptime.o
                0x000000000011b515                etext = ABSOLUTE (.)
                0x000000000011c000                . = ALIGN (0x1000)
 *fill*         0x000000000011b515      0xaeb 

.eh_frame       0x000000000011c000     0x2d48
 .eh_frame      0x000000000011c000       0x40 binaries/ascdate.o
 .eh_frame      0x000000000011c040       0x20 binaries/bufinit.o
                                         0x38 (size before relaxing)
 .eh_frame      0x000000000011c060       0x20 binaries/chprio.o
                                         0x38 (size before relaxing)
 .eh_frame      0x000000000011c080       0x20 binaries/clkhandler.o
                                         0x38 (size before relaxing)
 .eh_frame      0x000000000011c0a0       0x20 binaries/clkinit.o
                                         0x38 (size before relaxing)
 .eh_frame      0x000000000011c0c0       0x20 binaries/close.o
                                         0x38 (size before relaxing)
 .eh_frame      0x000000000011c0e0       0x20 binaries/control.o
                                         0x38 (size before relaxing)
 .eh_frame      0x000000000011c100       0x40 binaries/create.o
                                         0x58 (size before relaxing)
 .eh_frame      0x000000000011c140       0x60 binaries/evec.o
                                         0x78 (size before relaxing)
 .eh_frame      0x000000000011c1a0       0x20 binaries/exit.o
                                         0x38 (size before relaxing)
 .eh_frame      0x000000000011c1c0       0x20 binaries/freebuf.o
                                         0x38 (size before relaxing)
 .eh_frame      0x000000000011c1e0       0x20 binaries/freemem.o
                                         0x38 (size before relaxing)
 .eh_frame      0x000000000011c200       0x20 binaries/getbuf.o
                                         0x38 (size before relaxing)
 .eh_frame      0x000000000011c220       0x20 binaries/getc.o
                                         0x38 (size before relaxing)
 .eh_frame      0x000000000011c240       0x20 binaries/getdev.o
                                         0x38 (size before relaxing)
 .eh_frame      0x000000000011c260       0x60 binaries/getitem.o
                                         0x78 (size before relaxing)
 .eh_frame      0x000000000011c2c0       0x20 binaries/getmem.o
                                         0x38 (size before relaxing)
 .eh_frame      0x000000000011c2e0       0x20 binaries/getpid.o
                                         0x38 (size before relaxing)
 .eh_frame      0x000000000011c300       0x20 binaries/getprio.o
                                         0x38 (size before relaxing)
 .eh_frame      0x000000000011c320       0x20 binaries/getstk.o
                                         0x38 (size before relaxing)
 .eh_frame      0x000000000011c340       0x20 binaries/getticks.o
                                         0x38 (size before relaxing)
 .eh_frame      0x000000000011c360       0x20 binaries/gettime.o
                                         0x38 (size before relaxing)
 .eh_frame      0x000000000011c380       0x20 binaries/getutime.o
                                         0x38 (size before relaxing)
 .eh_frame      0x000000000011c3a0       0x8c binaries/i386.o
                                         0xa4 (size before relaxing)
 .eh_frame      0x000000000011c42c       0x20 binaries/init.o
                                         0x38 (size before relaxing)
 .eh_frame      0x000000000011c44c       0xa0 binaries/initialize.o
                                         0xb8 (size before relaxing)
 .eh_frame      0x000000000011c4ec       0x20 binaries/insert.o
                                         0x38 (size before relaxing)
 .eh_frame      0x000000000011c50c       0x20 binaries/insertd.o
                                         0x38 (size before relaxing)
 .eh_frame      0x000000000011c52c       0x20 binaries/ioerr.o
                                         0x38 (size before relaxing)
 .eh_frame      0x000000000011c54c       0x20 binaries/ionull.o
                                         0x38 (size before relaxing)
 .eh_frame      0x000000000011c56c       0x20 binaries/kill.o
                                         0x38 (size before relaxing)
 .eh_frame      0x000000000011c58c       0x60 binaries/kprintf.o
                                         0x78 (size before relaxing)
 .eh_frame      0x000000000011c5ec       0x20 binaries/main.o
                                         0x38 (size before relaxing)
 .eh_frame      0x000000000011c60c       0x40 binaries/mark.o
                                         0x58 (size before relaxing)
 .eh_frame      0x000000000011c64c       0x20 binaries/meminit.o
                                         0x38 (size before relaxing)
 .eh_frame      0x000000000011c66c       0x20 binaries/mkbufpool.o
                                         0x38 (size before relaxing)
 .eh_frame      0x000000000011c68c       0x20 binaries/newqueue.o
                                         0x38 (size before relaxing)
 .eh_frame      0x000000000011c6ac       0x20 binaries/open.o
                                         0x38 (size before relaxing)
 .eh_frame      0x000000000011c6cc       0x1c binaries/panic.o
                                         0x34 (size before relaxing)
 .eh_frame      0x000000000011c6e8      0x1c8 binaries/pci.o
                                        0x1e0 (size before relaxing)
 .eh_frame      0x000000000011c8b0       0x20 binaries/ptclear.o
                                         0x38 (size before relaxing)
 .eh_frame      0x000000000011c8d0       0x20 binaries/ptcount.o
                                         0x38 (size before relaxing)
 .eh_frame      0x000000000011c8f0       0x20 binaries/ptcreate.o
                                         0x38 (size before relaxing)
 .eh_frame      0x000000000011c910       0x20 binaries/ptdelete.o
                                         0x38 (size before relaxing)
 .eh_frame      0x000000000011c930       0x20 binaries/ptinit.o
                                         0x38 (size before relaxing)
 .eh_frame      0x000000000011c950       0x20 binaries/ptrecv.o
                                         0x38 (size before relaxing)
 .eh_frame      0x000000000011c970       0x20 binaries/ptreset.o
                                         0x38 (size before relaxing)
 .eh_frame      0x000000000011c990       0x20 binaries/ptsend.o
                                         0x38 (size before relaxing)
 .eh_frame      0x000000000011c9b0       0x20 binaries/putc.o
                                         0x38 (size before relaxing)
 .eh_frame      0x000000000011c9d0       0x40 binaries/queue.o
                                         0x58 (size before relaxing)
 .eh_frame      0x000000000011ca10       0x20 binaries/read.o
                                         0x38 (size before relaxing)
 .eh_frame      0x000000000011ca30       0x24 binaries/ready.o
                                         0x3c (size before relaxing)
 .eh_frame      0x000000000011ca54       0x20 binaries/receive.o
                                         0x38 (size before relaxing)
 .eh_frame      0x000000000011ca74       0x20 binaries/recvclr.o
                                         0x38 (size before relaxing)
 .eh_frame      0x000000000011ca94       0x20 binaries/recvtime.o
                                         0x38 (size before relaxing)
 .eh_frame      0x000000000011cab4       0x40 binaries/resched.o
                                         0x58 (size before relaxing)
 .eh_frame      0x000000000011caf4       0x20 binaries/resume.o
                                         0x38 (size before relaxing)
 .eh_frame      0x000000000011cb14       0x20 binaries/seek.o
                                         0x38 (size before relaxing)
 .eh_frame      0x000000000011cb34       0x20 binaries/semcount.o
                                         0x38 (size before relaxing)
 .eh_frame      0x000000000011cb54       0x40 binaries/semcreate.o
                                         0x58 (size before relaxing)
 .eh_frame      0x000000000011cb94       0x20 binaries/semdelete.o
                                         0x38 (size before relaxing)
 .eh_frame      0x000000000011cbb4       0x20 binaries/semreset.o
                                         0x38 (size before relaxing)
 .eh_frame      0x000000000011cbd4       0x20 binaries/send.o
                                         0x38 (size before relaxing)
 .eh_frame      0x000000000011cbf4       0x20 binaries/signal.o
                                         0x38 (size before relaxing)
 .eh_frame      0x000000000011cc14       0x20 binaries/signaln.o
                                         0x38 (size before relaxing)
 .eh_frame      0x000000000011cc34       0x40 binaries/sleep.o
                                         0x58 (size before relaxing)
 .eh_frame      0x000000000011cc74       0x20 binaries/stacktrace.o
                                         0x38 (size before relaxing)
 .eh_frame      0x000000000011cc94       0x20 binaries/suspend.o
                                         0x38 (size before relaxing)
 .eh_frame      0x000000000011ccb4       0x20 binaries/unsleep.o
                                         0x38 (size before relaxing)
 .eh_frame      0x000000000011ccd4       0x20 binaries/userret.o
                                         0x38 (size before relaxing)
 .eh_frame      0x000000000011ccf4       0x20 binaries/wait.o
                                         0x38 (size before relaxing)
 .eh_frame      0x000000000011cd14       0x20 binaries/wakeup.o
                                         0x38 (size before relaxing)
 .eh_frame      0x000000000011cd34       0x20 binaries/write.o
                                         0x38 (size before relaxing)
 .eh_frame      0x000000000011cd54       0x20 binaries/xdone.o
                                         0x38 (size before relaxing)
 .eh_frame      0x000000000011cd74       0x20 binaries/yield.o
                                         0x38 (size before relaxing)
 .eh_frame      0x000000000011cd94       0x20 binaries/abs.o
                                         0x38 (size before relaxing)
 .eh_frame      0x000000000011cdb4       0x20 binaries/atoi.o
                                         0x38 (size before relaxing)
 .eh_frame      0x000000000011cdd4       0x20 binaries/atol.o
                                         0x38 (size before relaxing)
 .eh_frame      0x000000000011cdf4       0x20 binaries/bzero.o
                                         0x38 (size before relaxing)
 .eh_frame      0x000000000011ce14       0xe4 binaries/doprnt.o
                                         0xfc (size before relaxing)
 .eh_frame      0x000000000011cef8       0xb0 binaries/doscan.o
                                         0xc8 (size before relaxing)
 .eh_frame      0x000000000011cfa8       0xc0 binaries/fdoprnt.o
                                         0xd8 (size before relaxing)
 .eh_frame      0x000000000011d068       0x20 binaries/fgetc.o
                                         0x38 (size before relaxing)
 .eh_frame      0x000000000011d088       0x20 binaries/fgets.o
                                         0x38 (size before relaxing)
 .eh_frame      0x000000000011d0a8       0x20 binaries/fprintf.o
                                         0x38 (size before relaxing)
 .eh_frame      0x000000000011d0c8       0x20 binaries/fputc.o
                                         0x38 (size before relaxing)
 .eh_frame      0x000000000011d0e8       0x20 binaries/fputs.o
                                         0x38 (size before relaxing)
 .eh_frame      0x000000000011d108       0x60 binaries/fscanf.o
                                         0x78 (size before relaxing)
 .eh_frame      0x000000000011d168       0x20 binaries/getchar.o
                                         0x38 (size before relaxing)
 .eh_frame      0x000000000011d188       0x20 binaries/labs.o
                                         0x38 (size before relaxing)
 .eh_frame      0x000000000011d1a8       0x20 binaries/memcmp.o
                                         0x38 (size before relaxing)
 .eh_frame      0x000000000011d1c8       0x24 binaries/memcpy.o
                                         0x3c (size before relaxing)
 .eh_frame      0x000000000011d1ec       0x24 binaries/memset.o
                                         0x3c (size before relaxing)
 .eh_frame      0x000000000011d210       0x20 binaries/printf.o
                                         0x38 (size before relaxing)
 .eh_frame      0x000000000011d230       0x20 binaries/putchar.o
                                         0x38 (size before relaxing)
 .eh_frame      0x000000000011d250       0xa8 binaries/qsort.o
                                         0xc0 (size before relaxing)
 .eh_frame      0x000000000011d2f8       0x60 binaries/rand.o
                                         0x78 (size before relaxing)
 .eh_frame      0x000000000011d358       0x40 binaries/sprintf.o
                                         0x58 (size before relaxing)
 .eh_frame      0x000000000011d398       0x60 binaries/sscanf.o
                                         0x78 (size before relaxing)
 .eh_frame      0x000000000011d3f8       0x20 binaries/strchr.o
                                         0x38 (size before relaxing)
 .eh_frame      0x000000000011d418       0x20 binaries/strcmp.o
                                         0x38 (size before relaxing)
 .eh_frame      0x000000000011d438       0x20 binaries/strcpy.o
                                         0x38 (size before relaxing)
 .eh_frame      0x000000000011d458       0x20 binaries/strlen.o
                                         0x38 (size before relaxing)
 .eh_frame      0x000000000011d478       0x20 binaries/strncat.o
                                         0x38 (size before relaxing)
 .eh_frame      0x000000000011d498       0x20 binaries/strncmp.o
                                         0x38 (size before relaxing)
 .eh_frame      0x000000000011d4b8       0x28 binaries/strncpy.o
                                         0x40 (size before relaxing)
 .eh_frame      0x000000000011d4e0       0x20 binaries/strnlen.o
                                         0x38 (size before relaxing)
 .eh_frame      0x000000000011d500       0x20 binaries/strrchr.o
                                         0x38 (size before relaxing)
 .eh_frame      0x000000000011d520       0x20 binaries/strstr.o
                                         0x38 (size before relaxing)
 .eh_frame      0x000000000011d540       0x20 binaries/ttycontrol.o
                                         0x38 (size before relaxing)
 .eh_frame      0x000000000011d560       0x20 binaries/ttygetc.o
                                         0x38 (size before relaxing)
 .eh_frame      0x000000000011d580       0x80 binaries/ttyhandle_in.o
                                         0x98 (size before relaxing)
 .eh_frame      0x000000000011d600       0x20 binaries/ttyhandle_out.o
                                         0x38 (size before relaxing)
 .eh_frame      0x000000000011d620       0x20 binaries/ttyhandler.o
                                         0x38 (size before relaxing)
 .eh_frame      0x000000000011d640       0x20 binaries/ttyinit.o
                                         0x38 (size before relaxing)
 .eh_frame      0x000000000011d660       0x20 binaries/ttykickout.o
                                         0x38 (size before relaxing)
 .eh_frame      0x000000000011d680       0x20 binaries/ttyputc.o
                                         0x38 (size before relaxing)
 .eh_frame      0x000000000011d6a0       0x28 binaries/ttyread.o
                                         0x40 (size before relaxing)
 .eh_frame      0x000000000011d6c8       0x20 binaries/ttywrite.o
                                         0x38 (size before relaxing)
 .eh_frame      0x000000000011d6e8       0x40 binaries/mount.o
                                         0x58 (size before relaxing)
 .eh_frame      0x000000000011d728       0x20 binaries/naminit.o
                                         0x38 (size before relaxing)
 .eh_frame      0x000000000011d748       0x60 binaries/nammap.o
                                         0x78 (size before relaxing)
 .eh_frame      0x000000000011d7a8       0x20 binaries/namopen.o
                                         0x38 (size before relaxing)
 .eh_frame      0x000000000011d7c8      0x150 binaries/82545EMInit.o
                                        0x168 (size before relaxing)
 .eh_frame      0x000000000011d918       0xa0 binaries/ethcontrol.o
                                         0xb8 (size before relaxing)
 .eh_frame      0x000000000011d9b8       0x80 binaries/ethhandler.o
                                         0x98 (size before relaxing)
 .eh_frame      0x000000000011da38       0x20 binaries/ethinit.o
                                         0x38 (size before relaxing)
 .eh_frame      0x000000000011da58       0x60 binaries/ethread.o
                                         0x78 (size before relaxing)
 .eh_frame      0x000000000011dab8       0x60 binaries/ethwrite.o
                                         0x78 (size before relaxing)
 .eh_frame      0x000000000011db18       0x20 binaries/rdscomm.o
                                         0x38 (size before relaxing)
 .eh_frame      0x000000000011db38       0x20 binaries/rdscontrol.o
                                         0x38 (size before relaxing)
 .eh_frame      0x000000000011db58       0x20 binaries/rdsinit.o
                                         0x38 (size before relaxing)
 .eh_frame      0x000000000011db78       0x20 binaries/rdsopen.o
                                         0x38 (size before relaxing)
 .eh_frame      0x000000000011db98       0x1c binaries/rdsprocess.o
                                         0x34 (size before relaxing)
 .eh_frame      0x000000000011dbb4       0xc0 binaries/rdsqfcns.o
                                         0xd8 (size before relaxing)
 .eh_frame      0x000000000011dc74       0x20 binaries/rdsread.o
                                         0x38 (size before relaxing)
 .eh_frame      0x000000000011dc94       0x20 binaries/rdssetprio.o
                                         0x38 (size before relaxing)
 .eh_frame      0x000000000011dcb4       0x20 binaries/rdswrite.o
                                         0x38 (size before relaxing)
 .eh_frame      0x000000000011dcd4       0x20 binaries/ramclose.o
                                         0x38 (size before relaxing)
 .eh_frame      0x000000000011dcf4       0x20 binaries/raminit.o
                                         0x38 (size before relaxing)
 .eh_frame      0x000000000011dd14       0x20 binaries/ramopen.o
                                         0x38 (size before relaxing)
 .eh_frame      0x000000000011dd34       0x20 binaries/ramread.o
                                         0x38 (size before relaxing)
 .eh_frame      0x000000000011dd54       0x20 binaries/ramwrite.o
                                         0x38 (size before relaxing)
 .eh_frame      0x000000000011dd74       0x20 binaries/lfdballoc.o
                                         0x38 (size before relaxing)
 .eh_frame      0x000000000011dd94       0x20 binaries/lfdbfree.o
                                         0x38 (size before relaxing)
 .eh_frame      0x000000000011ddb4       0x20 binaries/lfflush.o
                                         0x38 (size before relaxing)
 .eh_frame      0x000000000011ddd4       0x20 binaries/lfgetmode.o
                                         0x38 (size before relaxing)
 .eh_frame      0x000000000011ddf4       0x20 binaries/lfiballoc.o
                                         0x38 (size before relaxing)
 .eh_frame      0x000000000011de14       0x20 binaries/lfibclear.o
                                         0x38 (size before relaxing)
 .eh_frame      0x000000000011de34       0x20 binaries/lfibget.o
                                         0x38 (size before relaxing)
 .eh_frame      0x000000000011de54       0x20 binaries/lfibput.o
                                         0x38 (size before relaxing)
 .eh_frame      0x000000000011de74       0x20 binaries/lflclose.o
                                         0x38 (size before relaxing)
 .eh_frame      0x000000000011de94       0x20 binaries/lflcontrol.o
                                         0x38 (size before relaxing)
 .eh_frame      0x000000000011deb4       0x20 binaries/lflgetc.o
                                         0x38 (size before relaxing)
 .eh_frame      0x000000000011ded4       0x20 binaries/lflinit.o
                                         0x38 (size before relaxing)
 .eh_frame      0x000000000011def4       0x20 binaries/lflputc.o
                                         0x38 (size before relaxing)
 .eh_frame      0x000000000011df14       0x20 binaries/lflread.o
                                         0x38 (size before relaxing)
 .eh_frame      0x000000000011df34       0x20 binaries/lflseek.o
                                         0x38 (size before relaxing)
 .eh_frame      0x000000000011df54       0x20 binaries/lflwrite.o
                                         0x38 (size before relaxing)
 .eh_frame      0x000000000011df74       0x20 binaries/lfscheck.o
                                         0x38 (size before relaxing)
 .eh_frame      0x000000000011df94       0x20 binaries/lfsckfmt.o
                                         0x38 (size before relaxing)
 .eh_frame      0x000000000011dfb4       0x20 binaries/lfscreate.o
                                         0x38 (size before relaxing)
 .eh_frame      0x000000000011dfd4       0x20 binaries/lfsetup.o
                                         0x38 (size before relaxing)
 .eh_frame      0x000000000011dff4       0x20 binaries/lfsinit.o
                                         0x38 (size before relaxing)
 .eh_frame      0x000000000011e014       0x20 binaries/lfsopen.o
                                         0x38 (size before relaxing)
 .eh_frame      0x000000000011e034       0x20 binaries/lftruncate.o
                                         0x38 (size before relaxing)
 .eh_frame      0x000000000011e054       0x20 binaries/rflclose.o
                                         0x38 (size before relaxing)
 .eh_frame      0x000000000011e074       0x20 binaries/rflgetc.o
                                         0x38 (size before relaxing)
 .eh_frame      0x000000000011e094       0x20 binaries/rflinit.o
                                         0x38 (size before relaxing)
 .eh_frame      0x000000000011e0b4       0x20 binaries/rflputc.o
                                         0x38 (size before relaxing)
 .eh_frame      0x000000000011e0d4       0x20 binaries/rflread.o
                                         0x38 (size before relaxing)
 .eh_frame      0x000000000011e0f4       0x20 binaries/rflseek.o
                                         0x38 (size before relaxing)
 .eh_frame      0x000000000011e114       0x20 binaries/rflwrite.o
                                         0x38 (size before relaxing)
 .eh_frame      0x000000000011e134       0x20 binaries/rfscomm.o
                                         0x38 (size before relaxing)
 .eh_frame      0x000000000011e154       0x20 binaries/rfscontrol.o
                                         0x38 (size before relaxing)
 .eh_frame      0x000000000011e174       0x20 binaries/rfsgetmode.o
                                         0x38 (size before relaxing)
 .eh_frame      0x000000000011e194       0x20 binaries/rfsinit.o
                                         0x38 (size before relaxing)
 .eh_frame      0x000000000011e1b4       0x20 binaries/rfsndmsg.o
                                         0x38 (size before relaxing)
 .eh_frame      0x000000000011e1d4       0x20 binaries/rfsopen.o
                                         0x38 (size before relaxing)
 .eh_frame      0x000000000011e1f4       0xc0 binaries/arp.o
                                         0xd8 (size before relaxing)
 .eh_frame      0x000000000011e2b4       0xa0 binaries/dhcp.o
                                         0xb8 (size before relaxing)
 .eh_frame      0x000000000011e354       0x80 binaries/dns.o
                                         0x98 (size before relaxing)
 .eh_frame      0x000000000011e3d4       0x20 binaries/dot2ip.o
                                         0x38 (size before relaxing)
 .eh_frame      0x000000000011e3f4       0x40 binaries/hexdump.o
                                         0x58 (size before relaxing)
 .eh_frame      0x000000000011e434      0x150 binaries/icmp.o
                                        0x168 (size before relaxing)
 .eh_frame      0x000000000011e584      0x11c binaries/ip.o
                                        0x134 (size before relaxing)
 .eh_frame      0x000000000011e6a0       0xa0 binaries/net.o
                                         0xb8 (size before relaxing)
 .eh_frame      0x000000000011e740       0x60 binaries/pdump.o
                                         0x78 (size before relaxing)
 .eh_frame      0x000000000011e7a0       0x60 binaries/tftp.o
                                         0x78 (size before relaxing)
 .eh_frame      0x000000000011e800      0x140 binaries/udp.o
                                        0x158 (size before relaxing)
 .eh_frame      0x000000000011e940       0x20 binaries/addargs.o
                                         0x38 (size before relaxing)
 .eh_frame      0x000000000011e960       0x20 binaries/lexan.o
                                         0x38 (size before relaxing)
 .eh_frame      0x000000000011e980       0x20 binaries/shell.o
                                         0x38 (size before relaxing)
 .eh_frame      0x000000000011e9a0       0x20 binaries/xsh_argecho.o
                                         0x38 (size before relaxing)
 .eh_frame      0x000000000011e9c0       0x40 binaries/xsh_arp.o
                                         0x58 (size before relaxing)
 .eh_frame      0x000000000011ea00       0x20 binaries/xsh_cat.o
                                         0x38 (size before relaxing)
 .eh_frame      0x000000000011ea20       0x20 binaries/xsh_clear.o
                                         0x38 (size before relaxing)
 .eh_frame      0x000000000011ea40       0x20 binaries/xsh_date.o
                                         0x38 (size before relaxing)
 .eh_frame      0x000000000011ea60       0x20 binaries/xsh_devdump.o
                                         0x38 (size before relaxing)
 .eh_frame      0x000000000011ea80       0x20 binaries/xsh_echo.o
                                         0x38 (size before relaxing)
 .eh_frame      0x000000000011eaa0       0x20 binaries/xsh_exit.o
                                         0x38 (size before relaxing)
 .eh_frame      0x000000000011eac0       0x2c binaries/xsh_help.o
                                         0x44 (size before relaxing)
 .eh_frame      0x000000000011eaec       0x20 binaries/xsh_kill.o
                                         0x38 (size before relaxing)
 .eh_frame      0x000000000011eb0c       0x2c binaries/xsh_ls.o
                                         0x44 (size before relaxing)
 .eh_frame      0x000000000011eb38       0x40 binaries/xsh_memdump.o
                                         0x58 (size before relaxing)
 .eh_frame      0x000000000011eb78       0x60 binaries/xsh_memstat.o
                                         0x78 (size before relaxing)
 .eh_frame      0x000000000011ebd8       0x30 binaries/xsh_netinfo.o
                                         0x48 (size before relaxing)
 .eh_frame      0x000000000011ec08       0x30 binaries/xsh_ns.o
                                         0x48 (size before relaxing)
 .eh_frame      0x000000000011ec38       0x28 binaries/xsh_ping.o
                                         0x40 (size before relaxing)
 .eh_frame      0x000000000011ec60       0x30 binaries/xsh_ps.o
                                         0x48 (size before relaxing)
 .eh_frame      0x000000000011ec90       0x20 binaries/xsh_sleep.o
                                         0x38 (size before relaxing)
 .eh_frame      0x000000000011ecb0       0x20 binaries/xsh_udpdump.o
                                         0x38 (size before relaxing)
 .eh_frame      0x000000000011ecd0       0x30 binaries/xsh_udpecho.o
                                         0x48 (size before relaxing)
 .eh_frame      0x000000000011ed00       0x28 binaries/xsh_udpserver.o
                                         0x40 (size before relaxing)
 .eh_frame      0x000000000011ed28       0x20 binaries/xsh_uptime.o
                                         0x38 (size before relaxing)

.iplt           0x000000000011ed50        0x0
 .iplt          0x000000000011ed50        0x0 binaries/start.o

.rel.dyn        0x000000000011ed48        0x0
 .rel.iplt      0x000000000011ed48        0x0 binaries/start.o
 .rel.text      0x000000000011ed48        0x0 binaries/start.o
 .rel.data      0x000000000011ed48        0x0 binaries/start.o
 .rel.rodata    0x000000000011ed48        0x0 binaries/start.o

.data           0x000000000011ed60     0x12a0
                0x000000000011ed60                data = ABSOLUTE (.)
 *(.data .data.*)
 .data          0x000000000011ed60      0x460 binaries/start.o
                0x000000000011ed60                gdt
                0x000000000011eda0                gdtr
                0x000000000011eda6                idt
                0x000000000011f1a6                idtr
                0x000000000011f1ac                cpudelay
                0x000000000011f1b0                _bootdev
                0x000000000011f1b4                _cyloffset
 .data          0x000000000011f1c0       0x88 binaries/ascdate.o
                0x000000000011f1c0                Date
 .data          0x000000000011f248        0x0 binaries/bufinit.o
 .data          0x000000000011f248        0x0 binaries/chprio.o
 .data          0x000000000011f248        0x4 binaries/clkhandler.o
 .data          0x000000000011f24c        0x0 binaries/clkinit.o
 .data          0x000000000011f24c        0x0 binaries/close.o
 *fill*         0x000000000011f24c       0x14 
 .data          0x000000000011f260      0x5a0 binaries/conf.o
                0x000000000011f260                devtab
 .data          0x000000000011f800        0x0 binaries/control.o
 .data          0x000000000011f800        0x4 binaries/create.o
 *fill*         0x000000000011f804       0x1c 
 .data          0x000000000011f820       0x40 binaries/evec.o
                0x000000000011f820                inames
 .data          0x000000000011f860        0x0 binaries/exit.o
 .data          0x000000000011f860        0x0 binaries/freebuf.o
 .data          0x000000000011f860        0x0 binaries/freemem.o
 .data          0x000000000011f860        0x0 binaries/getbuf.o
 .data          0x000000000011f860        0x0 binaries/getc.o
 .data          0x000000000011f860        0x0 binaries/getdev.o
 .data          0x000000000011f860        0x0 binaries/getitem.o
 .data          0x000000000011f860        0x0 binaries/getmem.o
 .data          0x000000000011f860        0x0 binaries/getpid.o
 .data          0x000000000011f860        0x0 binaries/getprio.o
 .data          0x000000000011f860        0x0 binaries/getstk.o
 .data          0x000000000011f860        0x0 binaries/getticks.o
 .data          0x000000000011f860        0x0 binaries/gettime.o
 .data          0x000000000011f860        0x0 binaries/getutime.o
 .data          0x000000000011f860       0x40 binaries/i386.o
                0x000000000011f860                gdt_copy
 .data          0x000000000011f8a0        0x0 binaries/init.o
 .data          0x000000000011f8a0        0x0 binaries/initialize.o
 .data          0x000000000011f8a0        0x0 binaries/insert.o
 .data          0x000000000011f8a0        0x0 binaries/insertd.o
 .data          0x000000000011f8a0        0x0 binaries/ioerr.o
 .data          0x000000000011f8a0        0x0 binaries/ionull.o
 .data          0x000000000011f8a0        0x0 binaries/kill.o
 .data          0x000000000011f8a0        0x0 binaries/kprintf.o
 .data          0x000000000011f8a0        0x0 binaries/main.o
 .data          0x000000000011f8a0        0x0 binaries/mark.o
 .data          0x000000000011f8a0        0x0 binaries/meminit.o
 .data          0x000000000011f8a0        0x0 binaries/mkbufpool.o
 .data          0x000000000011f8a0        0x2 binaries/newqueue.o
 .data          0x000000000011f8a2        0x0 binaries/open.o
 .data          0x000000000011f8a2        0x0 binaries/panic.o
 *fill*         0x000000000011f8a2        0x2 
 .data          0x000000000011f8a4       0x10 binaries/pci.o
 .data          0x000000000011f8b4        0x0 binaries/ptclear.o
 .data          0x000000000011f8b4        0x0 binaries/ptcount.o
 .data          0x000000000011f8b4        0x0 binaries/ptcreate.o
 .data          0x000000000011f8b4        0x0 binaries/ptdelete.o
 .data          0x000000000011f8b4        0x0 binaries/ptinit.o
 .data          0x000000000011f8b4        0x0 binaries/ptrecv.o
 .data          0x000000000011f8b4        0x0 binaries/ptreset.o
 .data          0x000000000011f8b4        0x0 binaries/ptsend.o
 .data          0x000000000011f8b4        0x0 binaries/putc.o
 .data          0x000000000011f8b4        0x0 binaries/queue.o
[...]
 .comment       0x000000000000001c       0x1d binaries/dot2ip.o
 .comment       0x000000000000001c       0x1d binaries/hexdump.o
 .comment       0x000000000000001c       0x1d binaries/icmp.o
 .comment       0x000000000000001c       0x1d binaries/ip.o
 .comment       0x000000000000001c       0x1d binaries/net.o
 .comment       0x000000000000001c       0x1d binaries/pdump.o
 .comment       0x000000000000001c       0x1d binaries/tftp.o
 .comment       0x000000000000001c       0x1d binaries/udp.o
 .comment       0x000000000000001c       0x1d binaries/addargs.o
 .comment       0x000000000000001c       0x1d binaries/lexan.o
 .comment       0x000000000000001c       0x1d binaries/shell.o
 .comment       0x000000000000001c       0x1d binaries/xsh_argecho.o
 .comment       0x000000000000001c       0x1d binaries/xsh_arp.o
 .comment       0x000000000000001c       0x1d binaries/xsh_cat.o
 .comment       0x000000000000001c       0x1d binaries/xsh_clear.o
 .comment       0x000000000000001c       0x1d binaries/xsh_date.o
 .comment       0x000000000000001c       0x1d binaries/xsh_devdump.o
 .comment       0x000000000000001c       0x1d binaries/xsh_echo.o
 .comment       0x000000000000001c       0x1d binaries/xsh_exit.o
 .comment       0x000000000000001c       0x1d binaries/xsh_help.o
 .comment       0x000000000000001c       0x1d binaries/xsh_kill.o
 .comment       0x000000000000001c       0x1d binaries/xsh_ls.o
 .comment       0x000000000000001c       0x1d binaries/xsh_memdump.o
 .comment       0x000000000000001c       0x1d binaries/xsh_memstat.o
 .comment       0x000000000000001c       0x1d binaries/xsh_netinfo.o
 .comment       0x000000000000001c       0x1d binaries/xsh_ns.o
 .comment       0x000000000000001c       0x1d binaries/xsh_ping.o
 .comment       0x000000000000001c       0x1d binaries/xsh_ps.o
 .comment       0x000000000000001c       0x1d binaries/xsh_sleep.o
 .comment       0x000000000000001c       0x1d binaries/xsh_udpdump.o
 .comment       0x000000000000001c       0x1d binaries/xsh_udpecho.o
 .comment       0x000000000000001c       0x1d binaries/xsh_udpserver.o
 .comment       0x000000000000001c       0x1d binaries/xsh_uptime.o

.note.GNU-stack
                0x0000000000000000        0x0
 .note.GNU-stack
                0x0000000000000000        0x0 binaries/ascdate.o
 .note.GNU-stack
                0x0000000000000000        0x0 binaries/bufinit.o
 .note.GNU-stack
                0x0000000000000000        0x0 binaries/chprio.o
 .note.GNU-stack
                0x0000000000000000        0x0 binaries/clkhandler.o
 .note.GNU-stack
                0x0000000000000000        0x0 binaries/clkinit.o
 .note.GNU-stack
                0x0000000000000000        0x0 binaries/close.o
 .note.GNU-stack
                0x0000000000000000        0x0 binaries/conf.o
 .note.GNU-stack
                0x0000000000000000        0x0 binaries/control.o
 .note.GNU-stack
                0x0000000000000000        0x0 binaries/create.o
 .note.GNU-stack
                0x0000000000000000        0x0 binaries/evec.o
 .note.GNU-stack
                0x0000000000000000        0x0 binaries/exit.o
 .note.GNU-stack
                0x0000000000000000        0x0 binaries/freebuf.o
 .note.GNU-stack
                0x0000000000000000        0x0 binaries/freemem.o
 .note.GNU-stack
                0x0000000000000000        0x0 binaries/getbuf.o
 .note.GNU-stack
                0x0000000000000000        0x0 binaries/getc.o
 .note.GNU-stack
                0x0000000000000000        0x0 binaries/getdev.o
 .note.GNU-stack
                0x0000000000000000        0x0 binaries/getitem.o
 .note.GNU-stack
                0x0000000000000000        0x0 binaries/getmem.o
 .note.GNU-stack
                0x0000000000000000        0x0 binaries/getpid.o
 .note.GNU-stack
                0x0000000000000000        0x0 binaries/getprio.o
 .note.GNU-stack
                0x0000000000000000        0x0 binaries/getstk.o
 .note.GNU-stack
                0x0000000000000000        0x0 binaries/getticks.o
 .note.GNU-stack
                0x0000000000000000        0x0 binaries/gettime.o
 .note.GNU-stack
                0x0000000000000000        0x0 binaries/getutime.o
 .note.GNU-stack
                0x0000000000000000        0x0 binaries/i386.o
 .note.GNU-stack
                0x0000000000000000        0x0 binaries/init.o
 .note.GNU-stack
                0x0000000000000000        0x0 binaries/initialize.o
 .note.GNU-stack
                0x0000000000000000        0x0 binaries/insert.o
 .note.GNU-stack
                0x0000000000000000        0x0 binaries/insertd.o
 .note.GNU-stack
                0x0000000000000000        0x0 binaries/ioerr.o
 .note.GNU-stack
                0x0000000000000000        0x0 binaries/ionull.o
 .note.GNU-stack
                0x0000000000000000        0x0 binaries/kill.o
 .note.GNU-stack
                0x0000000000000000        0x0 binaries/kprintf.o
 .note.GNU-stack
                0x0000000000000000        0x0 binaries/main.o
 .note.GNU-stack
                0x0000000000000000        0x0 binaries/mark.o
 .note.GNU-stack
                0x0000000000000000        0x0 binaries/meminit.o
 .note.GNU-stack
                0x0000000000000000        0x0 binaries/mkbufpool.o
 .note.GNU-stack
                0x0000000000000000        0x0 binaries/newqueue.o
 .note.GNU-stack
                0x0000000000000000        0x0 binaries/open.o
 .note.GNU-stack
                0x0000000000000000        0x0 binaries/panic.o
 .note.GNU-stack
                0x0000000000000000        0x0 binaries/pci.o
 .note.GNU-stack
                0x0000000000000000        0x0 binaries/ptclear.o
 .note.GNU-stack
                0x0000000000000000        0x0 binaries/ptcount.o
 .note.GNU-stack
                0x0000000000000000        0x0 binaries/ptcreate.o
 .note.GNU-stack
                0x0000000000000000        0x0 binaries/ptdelete.o
 .note.GNU-stack
                0x0000000000000000        0x0 binaries/ptinit.o
 .note.GNU-stack
                0x0000000000000000        0x0 binaries/ptrecv.o
 .note.GNU-stack
                0x0000000000000000        0x0 binaries/ptreset.o
 .note.GNU-stack
                0x0000000000000000        0x0 binaries/ptsend.o
 .note.GNU-stack
                0x0000000000000000        0x0 binaries/putc.o
 .note.GNU-stack
                0x0000000000000000        0x0 binaries/queue.o
 .note.GNU-stack
                0x0000000000000000        0x0 binaries/read.o
 .note.GNU-stack
                0x0000000000000000        0x0 binaries/ready.o
 .note.GNU-stack
                0x0000000000000000        0x0 binaries/receive.o
 .note.GNU-stack
                0x0000000000000000        0x0 binaries/recvclr.o
 .note.GNU-stack
                0x0000000000000000        0x0 binaries/recvtime.o
 .note.GNU-stack
                0x0000000000000000        0x0 binaries/resched.o
 .note.GNU-stack
                0x0000000000000000        0x0 binaries/resume.o
 .note.GNU-stack
                0x0000000000000000        0x0 binaries/seek.o
 .note.GNU-stack
                0x0000000000000000        0x0 binaries/semcount.o
 .note.GNU-stack
                0x0000000000000000        0x0 binaries/semcreate.o
 .note.GNU-stack
                0x0000000000000000        0x0 binaries/semdelete.o
 .note.GNU-stack
                0x0000000000000000        0x0 binaries/semreset.o
 .note.GNU-stack
                0x0000000000000000        0x0 binaries/send.o
 .note.GNU-stack
                0x0000000000000000        0x0 binaries/signal.o
 .note.GNU-stack
                0x0000000000000000        0x0 binaries/signaln.o
 .note.GNU-stack
                0x0000000000000000        0x0 binaries/sleep.o
 .note.GNU-stack
                0x0000000000000000        0x0 binaries/stacktrace.o
 .note.GNU-stack
                0x0000000000000000        0x0 binaries/suspend.o
 .note.GNU-stack
                0x0000000000000000        0x0 binaries/unsleep.o
 .note.GNU-stack
                0x0000000000000000        0x0 binaries/userret.o
 .note.GNU-stack
                0x0000000000000000        0x0 binaries/wait.o
 .note.GNU-stack
                0x0000000000000000        0x0 binaries/wakeup.o
 .note.GNU-stack
                0x0000000000000000        0x0 binaries/write.o
 .note.GNU-stack
                0x0000000000000000        0x0 binaries/xdone.o
 .note.GNU-stack
                0x0000000000000000        0x0 binaries/yield.o
 .note.GNU-stack
                0x0000000000000000        0x0 binaries/abs.o
 .note.GNU-stack
                0x0000000000000000        0x0 binaries/atoi.o
 .note.GNU-stack
                0x0000000000000000        0x0 binaries/atol.o
 .note.GNU-stack
                0x0000000000000000        0x0 binaries/bzero.o
 .note.GNU-stack
                0x0000000000000000        0x0 binaries/ctype_.o
 .note.GNU-stack
                0x0000000000000000        0x0 binaries/doprnt.o
 .note.GNU-stack
                0x0000000000000000        0x0 binaries/doscan.o
 .note.GNU-stack
                0x0000000000000000        0x0 binaries/fdoprnt.o
 .note.GNU-stack
                0x0000000000000000        0x0 binaries/fgetc.o
 .note.GNU-stack
                0x0000000000000000        0x0 binaries/fgets.o
 .note.GNU-stack
                0x0000000000000000        0x0 binaries/fprintf.o
 .note.GNU-stack
                0x0000000000000000        0x0 binaries/fputc.o
 .note.GNU-stack
                0x0000000000000000        0x0 binaries/fputs.o
 .note.GNU-stack
                0x0000000000000000        0x0 binaries/fscanf.o
 .note.GNU-stack
                0x0000000000000000        0x0 binaries/getchar.o
 .note.GNU-stack
                0x0000000000000000        0x0 binaries/labs.o
 .note.GNU-stack
                0x0000000000000000        0x0 binaries/memcmp.o
 .note.GNU-stack
                0x0000000000000000        0x0 binaries/memcpy.o
 .note.GNU-stack
                0x0000000000000000        0x0 binaries/memset.o
 .note.GNU-stack
                0x0000000000000000        0x0 binaries/printf.o
 .note.GNU-stack
                0x0000000000000000        0x0 binaries/putchar.o
 .note.GNU-stack
                0x0000000000000000        0x0 binaries/qsort.o
 .note.GNU-stack
                0x0000000000000000        0x0 binaries/rand.o
 .note.GNU-stack
                0x0000000000000000        0x0 binaries/sprintf.o
 .note.GNU-stack
                0x0000000000000000        0x0 binaries/sscanf.o
 .note.GNU-stack
                0x0000000000000000        0x0 binaries/strchr.o
 .note.GNU-stack
                0x0000000000000000        0x0 binaries/strcmp.o
 .note.GNU-stack
                0x0000000000000000        0x0 binaries/strcpy.o
 .note.GNU-stack
                0x0000000000000000        0x0 binaries/strlen.o
 .note.GNU-stack
                0x0000000000000000        0x0 binaries/strncat.o
 .note.GNU-stack
                0x0000000000000000        0x0 binaries/strncmp.o
 .note.GNU-stack
                0x0000000000000000        0x0 binaries/strncpy.o
 .note.GNU-stack
                0x0000000000000000        0x0 binaries/strnlen.o
 .note.GNU-stack
                0x0000000000000000        0x0 binaries/strrchr.o
 .note.GNU-stack
                0x0000000000000000        0x0 binaries/strstr.o
 .note.GNU-stack
                0x0000000000000000        0x0 binaries/ttycontrol.o
 .note.GNU-stack
                0x0000000000000000        0x0 binaries/ttygetc.o
 .note.GNU-stack
                0x0000000000000000        0x0 binaries/ttyhandle_in.o
 .note.GNU-stack
                0x0000000000000000        0x0 binaries/ttyhandle_out.o
 .note.GNU-stack
                0x0000000000000000        0x0 binaries/ttyhandler.o
 .note.GNU-stack
                0x0000000000000000        0x0 binaries/ttyinit.o
 .note.GNU-stack
                0x0000000000000000        0x0 binaries/ttykickout.o
 .note.GNU-stack
                0x0000000000000000        0x0 binaries/ttyputc.o
 .note.GNU-stack
                0x0000000000000000        0x0 binaries/ttyread.o
 .note.GNU-stack
                0x0000000000000000        0x0 binaries/ttywrite.o
 .note.GNU-stack
                0x0000000000000000        0x0 binaries/mount.o
 .note.GNU-stack
                0x0000000000000000        0x0 binaries/naminit.o
 .note.GNU-stack
                0x0000000000000000        0x0 binaries/nammap.o
 .note.GNU-stack
                0x0000000000000000        0x0 binaries/namopen.o
 .note.GNU-stack
                0x0000000000000000        0x0 binaries/82545EMInit.o
 .note.GNU-stack
                0x0000000000000000        0x0 binaries/ethcontrol.o
 .note.GNU-stack
                0x0000000000000000        0x0 binaries/ethhandler.o
 .note.GNU-stack
                0x0000000000000000        0x0 binaries/ethinit.o
 .note.GNU-stack
                0x0000000000000000        0x0 binaries/ethread.o
 .note.GNU-stack
                0x0000000000000000        0x0 binaries/ethwrite.o
 .note.GNU-stack
                0x0000000000000000        0x0 binaries/rdscomm.o
 .note.GNU-stack
                0x0000000000000000        0x0 binaries/rdscontrol.o
 .note.GNU-stack
                0x0000000000000000        0x0 binaries/rdsinit.o
 .note.GNU-stack
                0x0000000000000000        0x0 binaries/rdsopen.o
 .note.GNU-stack
                0x0000000000000000        0x0 binaries/rdsprocess.o
 .note.GNU-stack
                0x0000000000000000        0x0 binaries/rdsqfcns.o
 .note.GNU-stack
                0x0000000000000000        0x0 binaries/rdsread.o
 .note.GNU-stack
                0x0000000000000000        0x0 binaries/rdssetprio.o
 .note.GNU-stack
                0x0000000000000000        0x0 binaries/rdswrite.o
 .note.GNU-stack
                0x0000000000000000        0x0 binaries/ramclose.o
 .note.GNU-stack
                0x0000000000000000        0x0 binaries/raminit.o
 .note.GNU-stack
                0x0000000000000000        0x0 binaries/ramopen.o
 .note.GNU-stack
                0x0000000000000000        0x0 binaries/ramread.o
 .note.GNU-stack
                0x0000000000000000        0x0 binaries/ramwrite.o
 .note.GNU-stack
                0x0000000000000000        0x0 binaries/lfdballoc.o
 .note.GNU-stack
                0x0000000000000000        0x0 binaries/lfdbfree.o
 .note.GNU-stack
                0x0000000000000000        0x0 binaries/lfflush.o
 .note.GNU-stack
                0x0000000000000000        0x0 binaries/lfgetmode.o
 .note.GNU-stack
                0x0000000000000000        0x0 binaries/lfiballoc.o
 .note.GNU-stack
                0x0000000000000000        0x0 binaries/lfibclear.o
 .note.GNU-stack
                0x0000000000000000        0x0 binaries/lfibget.o
 .note.GNU-stack
                0x0000000000000000        0x0 binaries/lfibput.o
 .note.GNU-stack
                0x0000000000000000        0x0 binaries/lflclose.o
 .note.GNU-stack
                0x0000000000000000        0x0 binaries/lflcontrol.o
 .note.GNU-stack
                0x0000000000000000        0x0 binaries/lflgetc.o
 .note.GNU-stack
                0x0000000000000000        0x0 binaries/lflinit.o
 .note.GNU-stack
                0x0000000000000000        0x0 binaries/lflputc.o
 .note.GNU-stack
                0x0000000000000000        0x0 binaries/lflread.o
 .note.GNU-stack
                0x0000000000000000        0x0 binaries/lflseek.o
 .note.GNU-stack
                0x0000000000000000        0x0 binaries/lflwrite.o
 .note.GNU-stack
                0x0000000000000000        0x0 binaries/lfscheck.o
 .note.GNU-stack
                0x0000000000000000        0x0 binaries/lfsckfmt.o
 .note.GNU-stack
                0x0000000000000000        0x0 binaries/lfscreate.o
 .note.GNU-stack
                0x0000000000000000        0x0 binaries/lfsetup.o
 .note.GNU-stack
                0x0000000000000000        0x0 binaries/lfsinit.o
 .note.GNU-stack
                0x0000000000000000        0x0 binaries/lfsopen.o
 .note.GNU-stack
                0x0000000000000000        0x0 binaries/lftruncate.o
 .note.GNU-stack
                0x0000000000000000        0x0 binaries/rflclose.o
 .note.GNU-stack
                0x0000000000000000        0x0 binaries/rflgetc.o
 .note.GNU-stack
                0x0000000000000000        0x0 binaries/rflinit.o
 .note.GNU-stack
                0x0000000000000000        0x0 binaries/rflputc.o
 .note.GNU-stack
                0x0000000000000000        0x0 binaries/rflread.o
 .note.GNU-stack
                0x0000000000000000        0x0 binaries/rflseek.o
 .note.GNU-stack
                0x0000000000000000        0x0 binaries/rflwrite.o
 .note.GNU-stack
                0x0000000000000000        0x0 binaries/rfscomm.o
 .note.GNU-stack
                0x0000000000000000        0x0 binaries/rfscontrol.o
 .note.GNU-stack
                0x0000000000000000        0x0 binaries/rfsgetmode.o
 .note.GNU-stack
                0x0000000000000000        0x0 binaries/rfsinit.o
 .note.GNU-stack
                0x0000000000000000        0x0 binaries/rfsndmsg.o
 .note.GNU-stack
                0x0000000000000000        0x0 binaries/rfsopen.o
 .note.GNU-stack
                0x0000000000000000        0x0 binaries/arp.o
 .note.GNU-stack
                0x0000000000000000        0x0 binaries/dhcp.o
 .note.GNU-stack
                0x0000000000000000        0x0 binaries/dns.o
 .note.GNU-stack
                0x0000000000000000        0x0 binaries/dot2ip.o
 .note.GNU-stack
                0x0000000000000000        0x0 binaries/hexdump.o
 .note.GNU-stack
                0x0000000000000000        0x0 binaries/icmp.o
 .note.GNU-stack
                0x0000000000000000        0x0 binaries/ip.o
 .note.GNU-stack
                0x0000000000000000        0x0 binaries/net.o
 .note.GNU-stack
                0x0000000000000000        0x0 binaries/pdump.o
 .note.GNU-stack
                0x0000000000000000        0x0 binaries/tftp.o
 .note.GNU-stack
                0x0000000000000000        0x0 binaries/udp.o
 .note.GNU-stack
                0x0000000000000000        0x0 binaries/addargs.o
 .note.GNU-stack
                0x0000000000000000        0x0 binaries/lexan.o
 .note.GNU-stack
                0x0000000000000000        0x0 binaries/shell.o
 .note.GNU-stack
                0x0000000000000000        0x0 binaries/xsh_argecho.o
 .note.GNU-stack
                0x0000000000000000        0x0 binaries/xsh_arp.o
 .note.GNU-stack
                0x0000000000000000        0x0 binaries/xsh_cat.o
 .note.GNU-stack
                0x0000000000000000        0x0 binaries/xsh_clear.o
 .note.GNU-stack
                0x0000000000000000        0x0 binaries/xsh_date.o
 .note.GNU-stack
                0x0000000000000000        0x0 binaries/xsh_devdump.o
 .note.GNU-stack
                0x0000000000000000        0x0 binaries/xsh_echo.o
 .note.GNU-stack
                0x0000000000000000        0x0 binaries/xsh_exit.o
 .note.GNU-stack
                0x0000000000000000        0x0 binaries/xsh_help.o
 .note.GNU-stack
                0x0000000000000000        0x0 binaries/xsh_kill.o
 .note.GNU-stack
                0x0000000000000000        0x0 binaries/xsh_ls.o
 .note.GNU-stack
                0x0000000000000000        0x0 binaries/xsh_memdump.o
 .note.GNU-stack
                0x0000000000000000        0x0 binaries/xsh_memstat.o
 .note.GNU-stack
                0x0000000000000000        0x0 binaries/xsh_netinfo.o
 .note.GNU-stack
                0x0000000000000000        0x0 binaries/xsh_ns.o
 .note.GNU-stack
                0x0000000000000000        0x0 binaries/xsh_ping.o
 .note.GNU-stack
                0x0000000000000000        0x0 binaries/xsh_ps.o
 .note.GNU-stack
                0x0000000000000000        0x0 binaries/xsh_sleep.o
 .note.GNU-stack
                0x0000000000000000        0x0 binaries/xsh_udpdump.o
 .note.GNU-stack
                0x0000000000000000        0x0 binaries/xsh_udpecho.o
 .note.GNU-stack
                0x0000000000000000        0x0 binaries/xsh_udpserver.o
 .note.GNU-stack
                0x0000000000000000        0x0 binaries/xsh_uptime.o
